
<!DOCTYPE html>
<html lang="en">
<head>
    <meta charset="UTF-8">
    <title>Is Golden expensive?</title>
    <meta name="viewport" content="width=device-width,initial-scale=1,user-scalable=yes,minimum-scale=0.25,maximum-scale=5">
    <link rel="stylesheet" type="text/css" href="/static/style.css">
    <link rel="shortcut icon" href="/static/favicon/favicon.ico">
    <link rel="icon" sizes="16x16 32x32 64x64" href="/static/favicon/favicon.ico">
    <link rel="icon" type="image/png" sizes="196x196" href="/static/favicon/favicon-192.png">
    <link rel="icon" type="image/png" sizes="160x160" href="/static/favicon/favicon-160.png">
    <link rel="icon" type="image/png" sizes="96x96" href="/static/favicon/favicon-96.png">
    <link rel="icon" type="image/png" sizes="64x64" href="/static/favicon/favicon-64.png">
    <link rel="icon" type="image/png" sizes="32x32" href="/static/favicon/favicon-32.png">
    <link rel="icon" type="image/png" sizes="16x16" href="/static/favicon/favicon-16.png">
    <link rel="apple-touch-icon" href="/static/favicon/favicon-57.png">
    <link rel="apple-touch-icon" sizes="114x114" href="/static/favicon/favicon-114.png">
    <link rel="apple-touch-icon" sizes="72x72" href="/static/favicon/favicon-72.png">
    <link rel="apple-touch-icon" sizes="144x144" href="/static/favicon/favicon-144.png">
    <link rel="apple-touch-icon" sizes="60x60" href="/static/favicon/favicon-60.png">
    <link rel="apple-touch-icon" sizes="120x120" href="/static/favicon/favicon-120.png">
    <link rel="apple-touch-icon" sizes="76x76" href="/static/favicon/favicon-76.png">
    <link rel="apple-touch-icon" sizes="152x152" href="/static/favicon/favicon-152.png">
    <link rel="apple-touch-icon" sizes="180x180" href="//static/favicon/favicon-180.png">
    <meta name="msapplication-TileColor" content="#FFFFFF">
    <meta name="msapplication-TileImage" content="//static/favicon/favicon-144.png">
    <meta name="msapplication-config" content="/static/favicon/browserconfig.xml">
    
    <meta name="keywords" content="Golden, Colorado, CO, expensive, housing, cost, price, statistics, location, places, real estate">
    <meta name="description" content="The average home price in Golden is $522,200. Compared to other places in this area, Golden is a little more expensive, and it is significantly more expensive compared to the US as a whole. It is substantially more expensive even compared to the city of Denver.">
    <meta name="og:description" content="The average home price in Golden is $522,200. Compared to other places in this area, Golden is a little more expensive, and it is significantly more expensive compared to the US as a whole. It is substantially more expensive even compared to the city of Denver.">
    
        <script type="application/ld+json">{"@context": "https://schema.org", "@type": "Article", "author": {"type": "Organization", "name": "Statistipedia", "url": "https://www.statistipedia.org", "logo": "https://www.statistipedia.org/static/img/icons/logo.svg", "sameAs": "https://www.statistipedia.org"}, "publisher": {"type": "Organization", "name": "Statistipedia", "url": "https://www.statistipedia.org", "logo": "https://www.statistipedia.org/static/img/icons/logo.svg", "sameAs": "https://www.statistipedia.org"}, "datePublished": "2021-07-08T20:18:15.669083", "dateModified": "2021-07-08T20:18:15.669083", "image": "https://storage.googleapis.com/statistipedia/img/maps/png/co/golden.png", "headline": "Is Golden expensive?", "mainEntity": {"@type": "City", "name": "Golden", "sameAs": "https://www.wikidata.org/wiki/Q983543", "containedInPlace": {"@type": "State", "name": "Golden", "sameAs": "https://www.wikidata.org/wiki/Q1261"}}}</script>
    

    <meta name="og:locale" content="en_US" />
</head>

<body>
<header>
    <div class="inner-header">
        <a class="site-title" href="/">
            Statistipedia
        </a>
    </div>
</header>
<main>
<main>
    <article>
        <h1>Is Golden expensive?</h1>
        

<table class="infobox">
    <tr>
        <th colspan="2" class="title">Golden, CO</th>
    </tr>
    <tr>
        <td colspan="2" class="place-image">
            <picture>
    <source srcset="https://storage.googleapis.com/statistipedia/img/maps/webp/co/golden.webp" type="image/webp" />
    <source srcset="https://storage.googleapis.com/statistipedia/img/maps/png/co/golden.png" type="image/png" />
    <img src="https://storage.googleapis.com/statistipedia/img/maps/png/co/golden.png" alt="Map of Golden" />
</picture>
        </td>
    </tr>
    <tbody class="main-info">
        <tr>
            <th>State</th>
            <td>
                <a href="/places/us/co">Colorado</a>
            </td>
        </tr>
        <tr>
            <th>Population</th>
            <td>20,693</td>
        </tr>
    </tbody>
    <tr>
        <th colspan="2" class="header">Links</th>
    </tr>
    <tr>
        <td colspan="2">
            <ul>
                
                    <li>
                        <a href="http://www.cityofgolden.net/" target="_blank">Official website</a>
                    </li>
                
                
                    <li>
                        <a href="https://en.wikipedia.org/wiki/Golden,_Colorado" target="_blank" rel="nofollow">
                            Wikipedia article
                        </a>
                    </li>
                
                <li>
                    <a href="https://data.census.gov/cedsci/profile?g=1600000US0830835" target="_blank">
                        Census profile
                    </a>
                </li>
            </ul>
        </td>
    </tr>
    <tr>
        <th colspan="2" class="header">Maps</th>
    </tr>
    <tr>
        <td colspan="2">
            <ul>
                <li><a target="_blank" href="https://www.openstreetmap.org/search?query=Golden%2C%20CO">OpenStreetMaps</a></li>
                <li><a target="_blank" href="https://www.google.com/maps/place/Golden,+CO">Google Maps</a></li>
                <li><a target="_blank" href="https://www.bing.com/maps?q=Golden,+CO">Bing Maps</a></li>
                <li><a target="_blank" href="https://www.mapquest.com/search/result?query=Golden,+CO">MapQuest</a></li>
            </ul>
        </td>
    </tr>
</table>
        
            <p class="lede">The average home price in <a href="/places/us/co/golden">Golden</a> is $522,200.</p>
            <p class="lede">Compared to other places in this area, Golden is a little more expensive, and it is significantly more expensive compared to the US as a whole. It is substantially more expensive even compared to the city of <a href="/places/us/co/denver/expensive?">Denver</a>.</p>
            <div class="figure">
    <figure class="figure-frame">
        <div class="figure-background">
            <div class="viz">
                
                    <div class="neighbor bar"
                         style="width: 100.0%">
                        Genesee
                    </div>
                
                    <div class="location bar"
                         style="width: 71.11534795042898%">
                        Golden
                    </div>
                
                    <div class="neighbor bar"
                         style="width: 70.36633528530574%">
                        Fairmount
                    </div>
                
                    <div class="neighbor bar"
                         style="width: 67.3566662127196%">
                        Applewood
                    </div>
                
                    <div class="city bar"
                         style="width: 53.19351763584366%">
                        Denver
                    </div>
                
                    <div class="neighbor bar"
                         style="width: 49.67996731581098%">
                        Lakewood
                    </div>
                
                    <div class="country bar"
                         style="width: 40.85523627944982%">
                        US average
                    </div>
                
                    <div class="neighbor bar"
                         style="width: 39.31635571292387%">
                        West Pleasant View
                    </div>
                
            </div>
        </div>
        <figcaption>Comparison of average Golden home price to nearby areas</figcaption>
    </figure>
</div>
            <h2>Nearby places</h2><h3>Genesee</h3><p><a href="/places/us/co/genesee/expensive?">Genesee</a> is 4 miles southwest of Golden. The housing prices there are substantially more expensive. The average home cost there is $734,300, which comes out to $212,100 (40%) higher than Golden.</p><h3>Fairmount</h3><p><a href="/places/us/co/fairmount/expensive?">Fairmount</a> is Golden's neighbor to the northeast. Housing prices there are  similar. Its average home value is $516,700, which comes out to $5,500 (1%) lower than Golden.</p><h3>Applewood</h3><p><a href="/places/us/co/applewood/expensive?">Applewood</a> is 2 miles east of Golden. Its real estate prices are somewhat less expensive. The average home value there is $494,600, which comes out to $27,600 (5%) lower than Golden.</p><h3>Lakewood</h3><p>The city of <a href="/places/us/co/lakewood/expensive?">Lakewood</a> is Golden's neighbor to the southeast. Real estate prices there are a bit less expensive. Its average home value is $364,800, which is $157,400 (30%) lower than Golden.</p><h3>West Pleasant View</h3><p><a href="/places/us/co/west-pleasant-view/expensive?">West Pleasant View</a> is Golden's neighbor to the east. Housing prices there are a lot less expensive. Its average home price is $288,700, which works out to $233,500 (44%) lower than Golden.</p>
            <h2>See also</h2>
<ul><li><a href="/places/us/co/wheat-ridge/expensive?">Wheat Ridge</a></li>
<li><a href="/places/us/co/morrison/expensive?">Morrison</a></li>
<li><a href="/places/us/co/dakota-ridge/expensive?">Dakota Ridge</a></li>
<li><a href="/places/us/co/arvada/expensive?">Arvada</a></li>
<li><a href="/places/us/co/evergreen/expensive?">Evergreen</a></li>
<li><a href="/places/us/co/mountain-view/expensive?">Mountain View</a></li>
<li><a href="/places/us/co/edgewater/expensive?">Edgewater</a></li></ul>
        
        <nav class="categories">
            Categories:
            &nbsp;<a href="/places/us">United States</a>
            &nbsp;<span class="divider">|</span>
            &nbsp;<a href="/places/us/co">Colorado</a>
        </nav>
    </article>
</main>
</main>
<footer>
    <div class="inner-footer">
        <a class="site-title" href="/">
            Statistipedia
        </a>
        <div>

        </div>
        <ul>
            <li>© 2021 Statistipedia</li>
            <li><a href="/about">About</a></li>
            <li><a href="/privacy">Privacy</a></li>
        </ul>
    </div>
</footer>
</body>
</html>