<!doctype html><html lang="en"><meta charset="utf-8"><title>Golden, MS</title><meta name="og:title" content="Golden, MS"><meta name="keywords" content="Golden,Mississippi,MS,statistics,location,places,real estate"><meta name="description" content="Golden is located in the state of Mississippi, roughly 78 miles west from Huntsville. It has a population of 186."><meta name="og:description" content="Golden is located in the state of Mississippi, roughly 78 miles west from Huntsville. It has a population of 186."><script type="application/ld+json">{"@context":"https://schema.org","@type":"City","name":"Golden","containedInPlace":{"@type":"State","name":"Golden","sameAs":"https://www.wikidata.org/wiki/Q1494"}}</script><meta name="viewport" content="width=device-width,initial-scale=1,user-scalable=yes,minimum-scale=.25,maximum-scale=5"><link rel="stylesheet" href="/static/style.css"><link rel="shortcut icon" href="/static/favicon/favicon.ico"><link rel="icon" sizes="16x16 32x32 64x64" href="/static/favicon/favicon.ico"><link rel="icon" type="image/png" sizes="196x196" href="/static/favicon/favicon-192.png"><link rel="icon" type="image/png" sizes="160x160" href="/static/favicon/favicon-160.png"><link rel="icon" type="image/png" sizes="96x96" href="/static/favicon/favicon-96.png"><link rel="icon" type="image/png" sizes="64x64" href="/static/favicon/favicon-64.png"><link rel="icon" type="image/png" sizes="32x32" href="/static/favicon/favicon-32.png"><link rel="icon" type="image/png" sizes="16x16" href="/static/favicon/favicon-16.png"><link rel="apple-touch-icon" href="/static/favicon/favicon-57.png"><link rel="apple-touch-icon" sizes="114x114" href="/static/favicon/favicon-114.png"><link rel="apple-touch-icon" sizes="72x72" href="/static/favicon/favicon-72.png"><link rel="apple-touch-icon" sizes="144x144" href="/static/favicon/favicon-144.png"><link rel="apple-touch-icon" sizes="60x60" href="/static/favicon/favicon-60.png"><link rel="apple-touch-icon" sizes="120x120" href="/static/favicon/favicon-120.png"><link rel="apple-touch-icon" sizes="76x76" href="/static/favicon/favicon-76.png"><link rel="apple-touch-icon" sizes="152x152" href="/static/favicon/favicon-152.png"><link rel="apple-touch-icon" sizes="180x180" href="//static/favicon/favicon-180.png"><meta name="msapplication-TileColor" content="#FFFFFF"><meta name="msapplication-TileImage" content="//static/favicon/favicon-144.png"><meta name="msapplication-config" content="/static/favicon/browserconfig.xml"><meta name="og:locale" content="en_US"><header><div class="inner-header"><a class="site-title" href="/">Statistipedia</a></div></header><main><article><h1>Golden, MS</h1><table class="infobox"><tr><th colspan="2" class="title">Golden, MS<tr><td colspan="2" class="place-image"><picture><source srcset="https://storage.googleapis.com/statistipedia/img/maps/webp/ms/golden.webp" type="image/webp"><source srcset="https://storage.googleapis.com/statistipedia/img/maps/png/ms/golden.png" type="image/png"><img src="https://storage.googleapis.com/statistipedia/img/maps/png/ms/golden.png" loading="lazy" alt="Map of Golden"></picture><tbody class="main-info"><tr><th>State<td><a href="/places/us/ms">Mississippi</a><tr><th>Population<td>186<tr><th colspan="2" class="header">Links<tr><td colspan="2"><ul><li><a href="https://en.wikipedia.org/wiki/Golden,_Mississippi" target="_blank" rel="nofollow noopener">Wikipedia article</a><li><a href="https://data.census.gov/cedsci/profile?g=1600000US2827940" target="_blank" rel="nofollow noopener">Census profile</a></ul><tr><th colspan="2" class="header">Maps<tr><td colspan="2"><ul><li><a target="_blank" rel="nofollow noopener" href="https://www.openstreetmap.org/search?query=Golden%2C%20MS">OpenStreetMaps</a><li><a target="_blank" rel="nofollow noopener" href="https://www.google.com/maps/place/Golden,+MS">Google Maps</a><li><a target="_blank" rel="nofollow noopener" href="https://www.bing.com/maps?q=Golden,+MS">Bing Maps</a><li><a target="_blank" rel="nofollow noopener" href="https://www.mapquest.com/search/result?query=Golden,+MS">MapQuest</a></ul></table><p class="lede">Golden is located in the state of <a href="/places/us/ms">Mississippi</a>, roughly 78 miles west from <a href="/places/us/al/huntsville">Huntsville</a>. It has a population of 186.<div class="see-also"><h2>See also</h2><ul><li><a href="/places/us/ms/belmont">Belmont</a><li><a href="/places/us/al/red-bay">Red Bay</a><li><a href="/places/us/al/vina">Vina</a><li><a href="/places/us/ms/tishomingo">Tishomingo</a><li><a href="/places/us/ms/paden">Paden</a><li><a href="/places/us/ms/marietta">Marietta</a><li><a href="/places/us/al/belgreen">Belgreen</a></ul></div><nav class="categories">Categories:
&nbsp;<a href="/places/us">United States</a>
&nbsp;<span class="divider">|</span>
&nbsp;<a href="/places/us/ms">Mississippi</a></nav></article></main><footer><div class="inner-footer"><a class="site-title" href="/">Statistipedia</a><div></div><ul><li>Â© 2021 Statistipedia<li><a href="/about">About</a><li><a href="/privacy">Privacy</a></ul></div></footer>