
<!DOCTYPE html>
<html lang="en">
<head>
    <meta charset="UTF-8">
    <title>Is Golden expensive?</title>
    <meta name="viewport" content="width=device-width,initial-scale=1,user-scalable=yes,minimum-scale=0.25,maximum-scale=5">
    <link rel="stylesheet" type="text/css" href="/static/style.css">
    <link rel="shortcut icon" href="/static/favicon/favicon.ico">
    <link rel="icon" sizes="16x16 32x32 64x64" href="/static/favicon/favicon.ico">
    <link rel="icon" type="image/png" sizes="196x196" href="/static/favicon/favicon-192.png">
    <link rel="icon" type="image/png" sizes="160x160" href="/static/favicon/favicon-160.png">
    <link rel="icon" type="image/png" sizes="96x96" href="/static/favicon/favicon-96.png">
    <link rel="icon" type="image/png" sizes="64x64" href="/static/favicon/favicon-64.png">
    <link rel="icon" type="image/png" sizes="32x32" href="/static/favicon/favicon-32.png">
    <link rel="icon" type="image/png" sizes="16x16" href="/static/favicon/favicon-16.png">
    <link rel="apple-touch-icon" href="/static/favicon/favicon-57.png">
    <link rel="apple-touch-icon" sizes="114x114" href="/static/favicon/favicon-114.png">
    <link rel="apple-touch-icon" sizes="72x72" href="/static/favicon/favicon-72.png">
    <link rel="apple-touch-icon" sizes="144x144" href="/static/favicon/favicon-144.png">
    <link rel="apple-touch-icon" sizes="60x60" href="/static/favicon/favicon-60.png">
    <link rel="apple-touch-icon" sizes="120x120" href="/static/favicon/favicon-120.png">
    <link rel="apple-touch-icon" sizes="76x76" href="/static/favicon/favicon-76.png">
    <link rel="apple-touch-icon" sizes="152x152" href="/static/favicon/favicon-152.png">
    <link rel="apple-touch-icon" sizes="180x180" href="//static/favicon/favicon-180.png">
    <meta name="msapplication-TileColor" content="#FFFFFF">
    <meta name="msapplication-TileImage" content="//static/favicon/favicon-144.png">
    <meta name="msapplication-config" content="/static/favicon/browserconfig.xml">
    
    <meta name="keywords" content="Golden, Illinois, IL, expensive, housing, cost, price, statistics, location, places, real estate">
    <meta name="description" content="In comparison to the surrounding areas, Golden is a bit more expensive, and it&#x27;s substantially less expensive compared to the entire country.">
    <meta name="og:description" content="In comparison to the surrounding areas, Golden is a bit more expensive, and it&#x27;s substantially less expensive compared to the entire country.">
    
        <script type="application/ld+json">{"@context": "https://schema.org", "@type": "Article", "author": {"type": "Organization", "name": "Statistipedia", "url": "https://www.statistipedia.org", "logo": "https://www.statistipedia.org/static/img/icons/logo.svg", "sameAs": "https://www.statistipedia.org"}, "publisher": {"type": "Organization", "name": "Statistipedia", "url": "https://www.statistipedia.org", "logo": "https://www.statistipedia.org/static/img/icons/logo.svg", "sameAs": "https://www.statistipedia.org"}, "datePublished": "2021-08-04T05:00:31.229037", "dateModified": "2021-08-04T05:00:31.229037", "image": "https://storage.googleapis.com/statistipedia/img/maps/png/il/golden.png", "headline": "Is Golden expensive?", "mainEntity": {"@type": "City", "name": "Golden", "containedInPlace": {"@type": "State", "name": "Golden", "sameAs": "https://www.wikidata.org/wiki/Q1204"}}}</script>
    

    <meta name="og:locale" content="en_US" />
</head>

<body>
<header>
    <div class="inner-header">
        <a class="site-title" href="/">
            Statistipedia
        </a>
    </div>
</header>

<main>
    <article>
        <h1>Is Golden expensive?</h1>
        
    

<table class="infobox">
    <tr>
        <th colspan="2" class="title">Golden, IL</th>
    </tr>
    <tr>
        <td colspan="2" class="place-image">
            <picture>
    <source srcset="https://storage.googleapis.com/statistipedia/img/maps/webp/il/golden.webp" type="image/webp" />
    <source srcset="https://storage.googleapis.com/statistipedia/img/maps/png/il/golden.png" type="image/png" />
    <img src="https://storage.googleapis.com/statistipedia/img/maps/png/il/golden.png" loading="lazy" alt="Map of Golden" />
</picture>
        </td>
    </tr>
    <tbody class="main-info">
        <tr>
            <th>State</th>
            <td>
                <a href="/places/us/il">Illinois</a>
            </td>
        </tr>
        <tr>
            <th>Population</th>
            <td>597</td>
        </tr>
    </tbody>
    <tr>
        <th colspan="2" class="header">Links</th>
    </tr>
    <tr>
        <td colspan="2">
            <ul>
                
                
                <li>
                    <a href="https://data.census.gov/cedsci/profile?g=1600000US1730159" target="_blank" rel="nofollow noopener">
                        Census profile
                    </a>
                </li>
            </ul>
        </td>
    </tr>
    <tr>
        <th colspan="2" class="header">Maps</th>
    </tr>
    <tr>
        <td colspan="2">
            <ul>
                <li><a target="_blank" rel="nofollow noopener" href="https://www.openstreetmap.org/search?query=Golden%2C%20IL">OpenStreetMaps</a></li>
                <li><a target="_blank" rel="nofollow noopener" href="https://www.google.com/maps/place/Golden,+IL">Google Maps</a></li>
                <li><a target="_blank" rel="nofollow noopener" href="https://www.bing.com/maps?q=Golden,+IL">Bing Maps</a></li>
                <li><a target="_blank" rel="nofollow noopener" href="https://www.mapquest.com/search/result?query=Golden,+IL">MapQuest</a></li>
            </ul>
        </td>
    </tr>
</table>
    
        <p class="lede">In comparison to the surrounding areas, <a href="/places/us/il/golden">Golden</a> is a bit more expensive, and it's substantially less expensive compared to the entire country. Compared to the city of <a href="/places/us/il/springfield/expensive?">Springfield</a>, it is significantly less expensive.</p>
        <h2>Home prices</h2>
        <p>The median home cost in Golden is $82,700. This is about $9,340 (12%) higher in comparison to its nearby areas. Compared to the country as a whole it is roughly $134,800 (61%) lower, and it is roughly $50,700 (38%) lower in comparison to the city of Springfield.</p>
        <div class="viz-wrapper">
            
<div class="figure">
    <figure class="figure-frame">
        <div class="figure-background">
            <div class="viz">
                
                    <div class="country bar">
                        <div style="width: 100.0% ">United States</div>
                    </div>
                
                    <div class="city bar">
                        <div style="width: 61.333333333333336% ">Springfield</div>
                    </div>
                
                    <div class="neighbor bar">
                        <div style="width: 49.37931034482759% ">Camp Point</div>
                    </div>
                
                    <div class="location bar">
                        <div style="width: 38.02298850574713% ">Golden</div>
                    </div>
                
                    <div class="neighbor bar">
                        <div style="width: 35.86206896551724% ">Coatsburg</div>
                    </div>
                
                    <div class="neighbor bar">
                        <div style="width: 30.942528735632184% ">Clayton</div>
                    </div>
                
                    <div class="neighbor bar">
                        <div style="width: 26.850574712643677% ">Augusta</div>
                    </div>
                
                    <div class="neighbor bar">
                        <div style="width: 25.60919540229885% ">Bowen</div>
                    </div>
                
            </div>
        </div>
        <figcaption>Comparison of median Golden home price to nearby areas</figcaption>
    </figure>
</div>
            
<div class="distro figure">
    <figure class="figure-frame">
        <div class="figure-background">
            <iframe src="/static/plot/index.html?ax[]=0&ax[]=%3C50k&ax[]=50k&ax[]=100k&ax[]=150k&ax[]=200k&ax[]=300k&ax[]=500k&ax[]=1m&c[]=0&c[]=69&c[]=120&c[]=133&c[]=140&c[]=196&c[]=193&c[]=114&c[]=34&n[]=0&n[]=246&n[]=407&n[]=242&n[]=61&n[]=31&n[]=3&n[]=4&n[]=6&l[]=0&l[]=167&l[]=528&l[]=213&l[]=79&l[]=0&l[]=14&l[]=0&l[]=0&a[]=0&a[]=100&a[]=249&a[]=234&a[]=157&a[]=157&a[]=79&a[]=23&a[]=2" loading="lazy"></iframe>
        </div>
        <figcaption>Distribution of home prices for Golden and nearby areas</figcaption>
    </figure>
</div>

        </div>
        <h2>Rents</h2>
        <p>Golden's median rent  is $467 a month. This is approximately $132 (22%) lower in comparison to other places in this area. Compared to the rest of the nation it is approximately $595 (56%) lower, and it is roughly $338 (41%) lower in comparison to the city of Springfield.</p>
        <div class="viz-wrapper">
            
<div class="figure">
    <figure class="figure-frame">
        <div class="figure-background">
            <div class="viz">
                
                    <div class="country bar">
                        <div style="width: 100.0% ">United States</div>
                    </div>
                
                    <div class="neighbor bar">
                        <div style="width: 87.09981167608287% ">Coatsburg</div>
                    </div>
                
                    <div class="city bar">
                        <div style="width: 75.80037664783427% ">Springfield</div>
                    </div>
                
                    <div class="neighbor bar">
                        <div style="width: 53.2015065913371% ">Camp Point</div>
                    </div>
                
                    <div class="neighbor bar">
                        <div style="width: 52.54237288135593% ">Bowen</div>
                    </div>
                
                    <div class="neighbor bar">
                        <div style="width: 51.2241054613936% ">Augusta</div>
                    </div>
                
                    <div class="location bar">
                        <div style="width: 43.973634651600754% ">Golden</div>
                    </div>
                
                    <div class="neighbor bar">
                        <div style="width: 37.94726930320151% ">Clayton</div>
                    </div>
                
            </div>
        </div>
        <figcaption>Comparison of median Golden rent to nearby areas</figcaption>
    </figure>
</div>
            
<div class="distro figure">
    <figure class="figure-frame">
        <div class="figure-background">
            <iframe src="/static/plot/index.html?ax[]=0&ax[]=%3C500&ax[]=500&ax[]=1000&ax[]=1500&ax[]=2000&ax[]=2500&ax[]=3000&c[]=0&c[]=94&c[]=362&c[]=300&c[]=140&c[]=56&c[]=24&c[]=24&n[]=0&n[]=585&n[]=341&n[]=52&n[]=22&n[]=0&n[]=0&n[]=0&l[]=0&l[]=611&l[]=389&l[]=0&l[]=0&l[]=0&l[]=0&l[]=0&a[]=0&a[]=124&a[]=623&a[]=195&a[]=34&a[]=11&a[]=11&a[]=2" loading="lazy"></iframe>
        </div>
        <figcaption>Distribution of rents for Golden and nearby areas</figcaption>
    </figure>
</div>

        </div>
        <h2>Nearby places</h2>
        <h3>Camp Point</h3><p><a href="/places/us/il/camp-point/expensive?">Camp Point</a> is roughly 5 miles southwest of Golden. Its real estate prices are somewhat more expensive. Its median home cost is $107,400, which works out to $24,700 (22%) higher than Golden.</p><h3>Clayton</h3><p><a href="/places/us/il/clayton/expensive?">Clayton</a> is approximately 6 miles southeast of Golden. Its real estate prices are a little less expensive. Its median home cost is $67,300, which is $15,400 (22%) lower than Golden.</p><h3>Coatsburg</h3><p><a href="/places/us/il/coatsburg/expensive?">Coatsburg</a> is roughly 8 miles southwest from Golden. Housing prices there are somewhat less expensive. The median home value there is $78,000, which is $4,700 (6%) lower than Golden.</p><h3>Bowen</h3><p><a href="/places/us/il/bowen/expensive?">Bowen</a> is approximately 8 miles north of Golden. Its real estate prices are significantly less expensive. The median home cost there is $55,700, which is $27,000 (48%) lower than Golden.</p><h3>Augusta</h3><p><a href="/places/us/il/augusta/expensive?">Augusta</a> is roughly 8 miles north from Golden. Housing prices there are substantially less expensive. The median home value there is $58,400, which comes out to $24,300 (41%) lower than Golden.</p>
    

        
        <ul>
            
        </ul>
        <nav class="categories">
            Categories:
            &nbsp;<a href="/places/us">United States</a>
            &nbsp;<span class="divider">|</span>
            &nbsp;<a href="/places/us/il">Illinois</a>
        </nav>
    </article>
</main>

<footer>
    <div class="inner-footer">
        <a class="site-title" href="/">
            Statistipedia
        </a>
        <div>

        </div>
        <ul>
            <li>© 2021 Statistipedia</li>
            <li><a href="/about">About</a></li>
            <li><a href="/privacy">Privacy</a></li>
        </ul>
    </div>
</footer>
</body>
</html>